
> vdl@0.1.0 build
> next build

Ôû▓ Next.js 16.2.2 (Turbopack)
- Environments: .env.local, .env

node.exe : ÔÜá The 
"middleware" file 
convention is deprecated. 
Please use "proxy" 
instead. Learn more: https:
//nextjs.org/docs/messages/
middleware-to-proxy
En línea: 1 Carácter: 1
+ & "C:\Program 
Files\nodejs/node.exe" 
"C:\Program 
Files\nodejs/node_mo ...
+ ~~~~~~~~~~~~~~~~~~~~~~~~~
~~~~~~~~~~~~~~~~~~~~~~~~~~~
~~~~~~~~~~~~~~~~~
    + CategoryInfo         
     : NotSpecified: (ÔÜá  
   The "middle...leware-   
 to-proxy:String) [], R    
emoteException
    + FullyQualifiedErrorI 
   d : NativeCommandError
 
  Creating an optimized production build ...

> Build error occurred
Error: Turbopack build 
failed with 1 errors:
./src/app/profile/page.tsx:
103:14
the name `dynamic` is 
defined multiple times
  [90m101 |[0m }
  [90m102 |[0m
[31m[1m>[0m [90m103 
|[0m [36mexport[0m 
[36mconst[0m dynamic = 
[32m'force-dynamic'[0m;
  [90m    |[0m           
   [31m[1m^^^^^^^[0m
  [90m104 |[0m
  [90m105 |[0m

Ecmascript file had an 
error

Import traces:
  Client Component Browser:
    
./src/app/profile/page.tsx 
[Client Component Browser]
    
./src/app/profile/page.tsx 
[Server Component]

  Client Component SSR:
    
./src/app/profile/page.tsx 
[Client Component SSR]
    
./src/app/profile/page.tsx 
[Server Component]


    at <unknown> (./src/app
/profile/page.tsx:103:14)
